2026-06-28 16:43:04 | INFO     | src.utils:setup_logging:50 - Logging initialized. Log file: logs\contract_risk_20260628_164304.log
2026-06-28 16:43:04 | INFO     | __main__:train_mode:100 - Starting training mode...
2026-06-28 16:43:04 | INFO     | src.config:from_yaml:123 - Configuration loaded from config.yaml
2026-06-28 16:43:04 | ERROR    | src.config:from_yaml:126 - Failed to load config from config.yaml: TrainingConfig.__init__() got an unexpected keyword argument 'clause_classifier'
2026-06-28 16:43:04 | INFO     | src.trainer:run:60 - ============================================================
2026-06-28 16:43:04 | INFO     | src.trainer:run:61 - Starting Contract Risk Intelligence System Training Pipeline
2026-06-28 16:43:04 | INFO     | src.trainer:run:62 - ============================================================
2026-06-28 16:43:04 | INFO     | src.trainer:run:65 - Step 1: Loading and preparing data...
2026-06-28 16:43:04 | INFO     | src.data_loader:load_data:43 - Loading data from data\cuad_clauses_project.csv
2026-06-28 16:43:04 | INFO     | src.data_loader:load_data:51 - Loaded 4727 rows and 8 columns
2026-06-28 16:43:04 | INFO     | src.data_loader:clean_data:67 - Cleaning data...
2026-06-28 16:43:04 | INFO     | src.data_loader:clean_data:74 - Dropped rows with missing clause_text. Remaining: 4727
2026-06-28 16:43:04 | INFO     | src.data_loader:clean_data:78 - Dropped duplicate clauses. Remaining: 4505
2026-06-28 16:43:05 | INFO     | src.data_loader:clean_data:83 - Filled missing risk_score with 0.5. Rows with missing: 0
2026-06-28 16:43:05 | INFO     | src.data_loader:clean_data:88 - Filled missing risk_level with 'Medium'. Rows with missing: 0
2026-06-28 16:43:05 | INFO     | src.data_loader:clean_data:93 - Filled missing compliance_flag with 0. Rows with missing: 0
2026-06-28 16:43:05 | INFO     | src.data_loader:clean_data:99 - Removed clauses with less than 5 words. Remaining: 4481
2026-06-28 16:43:05 | INFO     | src.data_loader:clean_data:105 - Data cleaning complete. Final dataset size: 4481
2026-06-28 16:43:05 | INFO     | src.data_loader:perform_eda:119 - Performing Exploratory Data Analysis...
2026-06-28 16:43:05 | INFO     | src.data_loader:perform_eda:127 - Category distribution:
clause_category
Audit Rights                          640
Anti-Assignment                       602
Insurance                             552
Governing Law                         448
Revenue/Profit Sharing                412
Minimum Commitment                    405
Exclusivity                           400
Non-Compete                           255
Change Of Control                     243
Termination For Convenience           234
Renewal Term                          205
Most Favored Nation                    37
Price Restrictions                     24
Notice Period To Terminate Renewal     24
Name: count, dtype: int64
2026-06-28 16:43:05 | INFO     | src.data_loader:perform_eda:133 - Risk level distribution:
risk_level
Medium    2459
High      1574
Low        448
Name: count, dtype: int64
2026-06-28 16:43:05 | INFO     | src.data_loader:perform_eda:139 - Compliance distribution:
compliance_flag
0    2907
1    1574
Name: count, dtype: int64
2026-06-28 16:43:05 | INFO     | src.data_loader:perform_eda:151 - Risk score statistics:
{'mean': 0.6484713233653203, 'median': 0.63, 'std': 0.218357928520025, 'min': 0.1, 'max': 0.98}
2026-06-28 16:43:05 | INFO     | src.data_loader:perform_eda:163 - Clause length statistics:
{'mean_words': 49.81588931042178, 'median_words': 39.0, 'std_words': 40.338260342675405, 'min_words': 5, 'max_words': 479}
2026-06-28 16:43:05 | INFO     | src.data_loader:perform_eda:169 - Category vs Risk Level:
risk_level                          High  Low  Medium
clause_category                                      
Anti-Assignment                        0    0     602
Audit Rights                           0    0     640
Change Of Control                    243    0       0
Exclusivity                          400    0       0
Governing Law                          0  448       0
Insurance                              0    0     552
Minimum Commitment                   405    0       0
Most Favored Nation                   37    0       0
Non-Compete                          255    0       0
Notice Period To Terminate Renewal     0    0      24
Price Restrictions                     0    0      24
Renewal Term                           0    0     205
Revenue/Profit Sharing                 0    0     412
Termination For Convenience          234    0       0
2026-06-28 16:43:05 | INFO     | src.data_loader:perform_eda:175 - Category vs Compliance:
compliance_flag                       0    1
clause_category                             
Anti-Assignment                     602    0
Audit Rights                        640    0
Change Of Control                     0  243
Exclusivity                           0  400
Governing Law                       448    0
Insurance                           552    0
Minimum Commitment                    0  405
Most Favored Nation                   0   37
Non-Compete                           0  255
Notice Period To Terminate Renewal   24    0
Price Restrictions                   24    0
Renewal Term                        205    0
Revenue/Profit Sharing              412    0
Termination For Convenience           0  234
2026-06-28 16:43:05 | INFO     | src.data_loader:perform_eda:178 - EDA complete
2026-06-28 16:43:05 | INFO     | src.data_loader:create_label_encoders:192 - Creating label encoders...
2026-06-28 16:43:05 | INFO     | src.data_loader:create_label_encoders:202 - Created encoder for clause_category with 14 classes
2026-06-28 16:43:05 | INFO     | src.data_loader:create_label_encoders:202 - Created encoder for risk_level with 3 classes
2026-06-28 16:43:05 | INFO     | src.data_loader:prepare_data_for_training:220 - Preparing data for training...
2026-06-28 16:43:05 | INFO     | src.data_loader:prepare_data_for_training:248 - Training set size: 3584
2026-06-28 16:43:05 | INFO     | src.data_loader:prepare_data_for_training:249 - Test set size: 897
2026-06-28 16:43:05 | INFO     | src.trainer:run:67 - Data loaded: 4481 samples
2026-06-28 16:43:05 | INFO     | src.trainer:run:70 - Step 2: Generating LegalBERT embeddings...
2026-06-28 16:43:05 | INFO     | src.embedding_generator:initialize:61 - Initializing LegalBERT model: nlpaueb/legal-bert-base-uncased
2026-06-28 16:43:05 | INFO     | src.embedding_generator:initialize:62 - Using device: cpu
2026-06-28 16:46:40 | INFO     | src.embedding_generator:initialize:74 - LegalBERT model initialized successfully
2026-06-28 16:46:40 | INFO     | src.embedding_generator:generate_embeddings:117 - Generating embeddings for 3584 texts
2026-06-28 17:01:06 | INFO     | src.embedding_generator:generate_embeddings:152 - Generated embeddings with shape: (3584, 768)
2026-06-28 17:01:06 | INFO     | src.embedding_generator:generate_embeddings:117 - Generating embeddings for 897 texts
2026-06-28 17:05:19 | INFO     | src.embedding_generator:generate_embeddings:152 - Generated embeddings with shape: (897, 768)
2026-06-28 17:05:19 | INFO     | src.trainer:run:81 - Embeddings generated: Train shape (3584, 768), Test shape (897, 768)
2026-06-28 17:05:19 | INFO     | src.trainer:run:84 - Step 3: Training ML models...
2026-06-28 17:05:19 | INFO     | src.models:train_models:256 - Training all models...
2026-06-28 17:05:19 | INFO     | src.models:train_models:280 - Training clause classifier...
2026-06-28 17:05:19 | INFO     | src.models:create_clause_classifier:38 - Creating clause classifier of type: xgboost
2026-06-28 17:06:52 | INFO     | src.models:train_models:290 - Training risk regressor...
2026-06-28 17:06:52 | INFO     | src.models:create_risk_regressor:104 - Creating risk regressor of type: xgboost
2026-06-28 17:07:01 | INFO     | src.models:train_models:300 - Training compliance classifier...
2026-06-28 17:07:01 | INFO     | src.models:create_compliance_classifier:164 - Creating compliance classifier of type: xgboost
2026-06-28 17:07:09 | INFO     | src.models:train_models:309 - All models trained successfully
2026-06-28 17:07:09 | INFO     | src.trainer:run:100 - Step 4: Evaluating models...
2026-06-28 17:07:09 | INFO     | src.evaluator:evaluate_classification:57 - Evaluating Clause Classification...
2026-06-28 17:07:09 | INFO     | src.evaluator:evaluate_classification:104 - Clause Classification - Accuracy: 0.8640, F1: 0.8585
2026-06-28 17:07:09 | INFO     | src.evaluator:evaluate_regression:125 - Evaluating Risk Score Regression...
2026-06-28 17:07:09 | INFO     | src.evaluator:evaluate_regression:146 - Risk Score Regression - R²: 0.7332, RMSE: 0.1136
2026-06-28 17:07:09 | INFO     | src.evaluator:evaluate_classification:57 - Evaluating Risk Level Classification...
2026-06-28 17:07:09 | INFO     | src.evaluator:evaluate_classification:104 - Risk Level Classification - Accuracy: 0.8328, F1: 0.8345
2026-06-28 17:07:09 | INFO     | src.evaluator:evaluate_classification:57 - Evaluating Compliance Classification...
2026-06-28 17:07:09 | INFO     | src.evaluator:evaluate_classification:104 - Compliance Classification - Accuracy: 0.9041, F1: 0.9042
2026-06-28 17:07:09 | INFO     | src.trainer:evaluate_models:193 - Performing cross-validation on best models...
2026-06-28 17:07:09 | INFO     | src.evaluator:cross_validate_model:173 - Performing 5-fold cross-validation on XGBClassifier...
2026-06-28 17:07:09 | ERROR    | src.evaluator:cross_validate_model:203 - Cross-validation failed: Found input variables with inconsistent numbers of samples: [3584, 897]
2026-06-28 17:07:09 | INFO     | src.evaluator:cross_validate_model:173 - Performing 5-fold cross-validation on XGBRegressor...
2026-06-28 17:07:09 | ERROR    | src.evaluator:cross_validate_model:203 - Cross-validation failed: Found input variables with inconsistent numbers of samples: [3584, 897]
2026-06-28 17:07:09 | INFO     | src.trainer:run:105 - Step 5: Saving models...
2026-06-28 17:07:09 | INFO     | src.models:save_models:374 - Saved clause_classifier to models\clause_classifier.pkl
2026-06-28 17:07:09 | INFO     | src.models:save_models:374 - Saved risk_regressor to models\risk_regressor.pkl
2026-06-28 17:07:09 | INFO     | src.models:save_models:374 - Saved compliance_classifier to models\compliance_classifier.pkl
2026-06-28 17:07:09 | INFO     | src.models:save_models:379 - Saved scaler to models\scaler.pkl
2026-06-28 17:07:09 | INFO     | src.trainer:run:112 - Saved clause_category_encoder to models\clause_category_encoder.pkl
2026-06-28 17:07:09 | INFO     | src.trainer:run:112 - Saved risk_level_encoder to models\risk_level_encoder.pkl
2026-06-28 17:07:09 | INFO     | src.trainer:run:125 - Training pipeline completed in 1444.94 seconds
2026-06-28 17:07:09 | INFO     | src.trainer:run:126 - ============================================================
2026-06-28 17:07:09 | INFO     | src.trainer:print_summary:225 - 
============================================================
2026-06-28 17:07:09 | INFO     | src.trainer:print_summary:226 - TRAINING SUMMARY
2026-06-28 17:07:09 | INFO     | src.trainer:print_summary:227 - ============================================================
2026-06-28 17:07:09 | INFO     | src.trainer:print_summary:230 - Total samples: 4481
2026-06-28 17:07:09 | INFO     | src.trainer:print_summary:231 - Training samples: 3584
2026-06-28 17:07:09 | INFO     | src.trainer:print_summary:232 - Test samples: 897
2026-06-28 17:07:09 | INFO     | src.trainer:print_summary:233 - Embedding dimension: 768
2026-06-28 17:07:09 | INFO     | src.trainer:print_summary:236 - 
--- Model Performance ---
2026-06-28 17:07:09 | INFO     | src.trainer:print_summary:241 - clause_classification: Accuracy = 0.8640
2026-06-28 17:07:09 | INFO     | src.trainer:print_summary:243 - risk_regression: R² = 0.7332
2026-06-28 17:07:09 | INFO     | src.trainer:print_summary:244 - risk_regression: RMSE = 0.1136
2026-06-28 17:07:09 | INFO     | src.trainer:print_summary:241 - risk_level_classification: Accuracy = 0.8328
2026-06-28 17:07:09 | INFO     | src.trainer:print_summary:241 - compliance_classification: Accuracy = 0.9041
2026-06-28 17:07:10 | INFO     | src.trainer:print_summary:246 - ============================================================
2026-06-28 17:07:10 | INFO     | src.trainer:save_results:277 - Evaluation results saved to outputs\evaluation_results.json
2026-06-28 17:07:10 | INFO     | src.trainer:_create_summary_report:326 - Training report saved to outputs\training_report.txt
2026-06-28 17:07:10 | INFO     | __main__:train_mode:121 - Training completed successfully
2026-06-28 17:07:10 | INFO     | __main__:train_mode:122 - Models saved to: models
2026-06-28 17:07:10 | INFO     | __main__:train_mode:123 - Results saved to: outputs
